// Jest Snapshot v1, https://goo.gl/fbAQLP

exports[`AboutView matches snapshot 1`] = `
<div class="about">
  <h1>About Us</h1>
  <p>Learn more about our team and mission!</p>
</div>
`;
