// Jest Snapshot v1, https://goo.gl/fbAQLP

exports[`ContactView matches snapshot 1`] = `
<div class="contact">
  <h1>Contact Us</h1>
  <p>Feel free to reach out to us with any questions!</p>
</div>
`;
